--- Startup times for process: Primary (or UI client) ---

times in msec
 clock   self+sourced   self:  sourced script
 clock   elapsed:              other lines

000.002  000.002: --- NVIM STARTING ---
000.312  000.311: event init
000.504  000.191: early init
000.629  000.125: locale set
000.727  000.098: init first window
001.692  000.965: inits 1
001.716  000.024: window checked
001.724  000.008: parsing arguments
003.313  000.162  000.162: require('vim._core.shared')
003.559  000.010  000.010: require('string.buffer')
003.666  000.178  000.168: require('vim.inspect')
003.830  000.139  000.139: require('vim._core.options')
003.837  000.513  000.196: require('vim._core.editor')
003.961  000.121  000.121: require('vim._core.system')
003.966  000.893  000.097: require('vim._init_packages')
003.978  001.361: init lua interpreter
004.081  000.103: expanding arguments
004.147  000.066: inits 2
005.278  001.131: init highlight
005.328  000.050: clear screen
005.879  000.047  000.047: require('vim.keymap')
008.731  000.492  000.492: sourcing nvim_exec2()
008.846  000.029  000.029: require('vim._core.log')
009.103  003.761  003.193: require('vim._core.defaults')
009.109  000.020: init default mappings & autocommands
009.971  000.122  000.122: sourcing /usr/share/nvim/runtime/ftplugin.vim
010.108  000.064  000.064: sourcing /usr/share/nvim/runtime/indent.vim
010.389  000.190  000.190: sourcing /usr/share/nvim/archlinux.lua
010.400  000.237  000.048: sourcing /etc/xdg/nvim/sysinit.vim
010.906  000.067  000.067: require('vim.fs')
011.854  000.938  000.938: require('vim.uri')
011.907  001.132  000.127: require('vim.loader')
013.492  000.763  000.763: require('vim.version')
014.680  002.079  001.317: require('nnonne.plugins.pluglist')
014.690  002.208  000.129: require('nnonne.utils.pack')
014.696  002.756  000.548: require('nnonne.commands.pack')
015.150  000.125  000.125: require('vim.ui.clipboard.osc52')
020.543  002.664  002.664: require('vim.lsp.protocol')
020.674  003.184  000.520: require('vim.lsp.log')
021.215  000.024  000.024: require('vim._core.util')
021.272  000.585  000.561: require('vim.lsp.util')
021.719  000.218  000.218: require('vim.lsp.sync')
021.739  000.396  000.178: require('vim.lsp._changetracking')
022.180  000.174  000.174: require('vim.lsp._transport')
022.202  000.016  000.016: require('vim._core.stringbuffer')
022.346  000.599  000.408: require('vim.lsp.rpc')
022.535  006.019  001.255: require('vim.lsp')
023.131  000.364  000.364: require('vim.lsp.completion')
023.264  000.721  000.357: require('vim.lsp.handlers')
023.271  008.502  001.637: require('nnonne.settings.options')
024.983  001.707  001.707: require('nnonne.settings.keymaps')
025.446  000.447  000.447: require('nnonne.commands.autocommands')
025.614  000.158  000.158: require('nnonne.plugins.core-ui2')
025.725  000.104  000.104: require('vim._core.ui2')
026.316  000.221  000.221: require('nnonne.plugins.colorscheme')
027.634  000.522  000.522: require('vim._async')
027.699  001.360  000.837: require('vim.pack')
028.517  000.037  000.037: require('vim.F')
032.453  000.319  000.319: require('lush.math')
032.704  000.238  000.238: require('lush.vivid.rgb.convert')
032.714  000.713  000.157: require('lush.vivid.hsl.convert')
033.386  000.667  000.667: require('lush.vivid.hsl_like')
033.417  001.580  000.200: require('lush.vivid.hsl.type')
033.984  000.170  000.170: require('lush.vivid.hsluv.lib')
033.993  000.265  000.096: require('lush.vivid.hsluv.convert')
034.000  000.578  000.313: require('lush.vivid.hsluv.type')
034.016  003.062  000.903: require('lush')
034.397  000.376  000.376: require('zenbones.util')
034.944  000.150  000.150: require('zenbones.specs')
035.298  000.321  000.321: require('zenbones.specs.dark')
035.661  000.113  000.113: require('lush.errors')
035.680  000.317  000.204: require('lush.parser')
054.183  000.604  000.604: sourcing nvim_exec2() called at /home/nnonne/dots/.config/nonevim/colors/darker-zenwritten.lua:0
054.690  000.473  000.473: require('lush.compiler')
064.741  000.192  000.192: require('zenbones.term')
065.195  034.372  028.877: sourcing /home/nnonne/.config/nvim/colors/darker-zenwritten.lua
065.578  000.338  000.338: require('nnonne.plugins.mini.minis')
067.940  001.721  001.721: require('mini.pairs')
071.944  002.159  002.159: require('mini.icons')
072.639  000.388  000.388: require('mini.notify')
073.654  000.858  000.858: require('mini.extra')
074.019  000.352  000.352: require('mini.jump')
074.922  000.270  000.270: require('mini.bufremove')
076.477  001.437  001.437: require('mini.snippets')
077.751  000.751  000.751: require('vim.lsp.client')
078.919  000.262  000.262: require('vim.treesitter._range')
079.200  000.270  000.270: require('vim.lsp._capability')
079.292  001.015  000.483: require('vim.lsp.semantic_tokens')
079.550  000.253  000.253: require('vim.lsp._folding_range')
080.540  000.752  000.752: require('vim.lsp._snippet_grammar')
080.585  001.029  000.277: require('vim.lsp.inline_completion')
080.940  000.349  000.349: require('vim.lsp.document_color')
089.723  001.047  001.047: require('mini.diff')
090.473  000.313  000.313: require('mini.hipatterns')
091.114  000.331  000.331: require('mini.indentscope')
091.802  000.433  000.433: require('mini.ai')
092.897  000.508  000.508: require('mini.bracketed')
095.306  000.576  000.576: require('mini.surround')
124.543  004.225  004.225: require('mini.pick')
125.423  000.195  000.195: require('vim.ui')
125.820  000.362  000.362: require('nnonne.plugins.miser')
127.045  000.127  000.127: require('miser.mise')
127.071  000.556  000.429: require('miser')
360.981  000.152  000.152: require('miser.registry.astro')
361.200  000.191  000.191: require('miser.registry.biome')
361.339  000.131  000.131: require('miser.registry.black')
361.466  000.118  000.118: require('miser.registry.expert')
361.587  000.115  000.115: require('miser.registry.gofumpt')
361.794  000.200  000.200: require('miser.registry.gopls')
361.980  000.179  000.179: require('miser.registry.lua_language_server')
362.110  000.123  000.123: require('miser.registry.prettier')
362.408  000.292  000.292: require('miser.registry.rubocop')
362.537  000.116  000.116: require('miser.registry.ruby_lsp')
362.668  000.126  000.126: require('miser.registry.ruff')
362.780  000.105  000.105: require('miser.registry.rust_analyzer')
362.894  000.108  000.108: require('miser.registry.shfmt')
362.994  000.095  000.095: require('miser.registry.stylua')
363.105  000.105  000.105: require('miser.registry.typescript_language_server')
363.200  000.089  000.089: require('miser.registry.zls')
363.208  002.594  000.348: require('miser.registry')
363.214  003.032  000.439: require('miser.format')
363.487  000.221  000.221: require('miser.lsp')
365.328  000.217  000.217: require('miser.tasks')
368.429  000.553  000.553: require('miser.command')
368.817  000.326  000.326: require('nnonne.plugins.completion')
372.362  001.458  001.458: require('blink.cmp')
372.731  000.106  000.106: require('blink.cmp.config.utils')
372.832  000.091  000.091: require('blink.cmp.config.keymap')
373.037  000.087  000.087: require('blink.cmp.config.completion.keyword')
373.144  000.101  000.101: require('blink.cmp.config.completion.trigger')
373.245  000.096  000.096: require('blink.cmp.config.completion.list')
373.357  000.107  000.107: require('blink.cmp.config.completion.accept')
373.554  000.191  000.191: require('blink.cmp.config.completion.menu')
373.691  000.132  000.132: require('blink.cmp.config.completion.documentation')
373.789  000.092  000.092: require('blink.cmp.config.completion.ghost_text')
373.795  000.956  000.151: require('blink.cmp.config.completion')
373.933  000.131  000.131: require('blink.cmp.config.fuzzy')
374.065  000.127  000.127: require('blink.cmp.config.sources')
374.179  000.109  000.109: require('blink.cmp.config.signature')
374.299  000.115  000.115: require('blink.cmp.config.snippets')
374.418  000.114  000.114: require('blink.cmp.config.appearance')
374.511  000.088  000.088: require('blink.cmp.config.modes.cmdline')
374.605  000.089  000.089: require('blink.cmp.config.modes.term')
374.621  002.202  000.275: require('blink.cmp.config')
377.966  000.168  000.168: require('blink.cmp.config.modes.types')
379.048  000.150  000.150: require('blink.cmp.lib.async')
379.453  000.155  000.155: require('blink.cmp.lib.utils')
379.606  000.147  000.147: require('blink.cmp.fuzzy.download.system')
380.069  000.906  000.604: require('blink.cmp.fuzzy.download.files')
380.078  001.019  000.113: require('blink.cmp.fuzzy.download.git')
380.087  001.419  000.250: require('blink.cmp.fuzzy.download')
385.969  000.350  000.350: require('nnonne.plugins.treesitter')
388.254  000.845  000.845: require('nvim-treesitter')
388.443  000.158  000.158: require('nvim-treesitter.config')
388.921  000.183  000.183: require('nvim-treesitter.async')
389.045  000.116  000.116: require('nvim-treesitter.log')
390.382  001.331  001.331: require('nvim-treesitter.parsers')
390.495  000.105  000.105: require('nvim-treesitter.util')
390.533  002.019  000.284: require('nvim-treesitter.install')
393.677  003.131  003.131: require('nvim-treesitter.parsers')
395.544  000.181  000.181: require('nvim-treesitter-textobjects')
395.702  000.146  000.146: require('nvim-treesitter-textobjects.config')
395.972  000.100  000.100: require('nnonne.plugins.lazydev')
398.183  001.276  001.276: require('lazydev')
398.342  000.146  000.146: require('lazydev.config')
398.613  000.246  000.246: require('lazydev.util')
399.029  000.164  000.164: require('nnonne.plugins.lsp-manager')
399.036  000.346  000.182: require('nnonne.plugins.lsp')
402.979  000.107  000.107: require('blink.cmp.lib.event_emitter')
403.008  000.374  000.268: require('blink.cmp.sources.lib')
404.924  000.522  000.522: require('lspconfig.util')
413.996  000.107  000.107: require('import.pickers')
414.015  000.224  000.117: require('import.core.validate_config')
414.023  000.332  000.108: require('import.core.config')
414.207  000.085  000.085: require('import.core.create_picker')
414.432  000.093  000.093: require('import.language.regex')
414.455  000.242  000.149: require('import.language.languages')
414.539  000.080  000.080: require('import.core.get_filetype_config')
415.509  000.302  000.302: require('import.core.constants')
415.715  000.201  000.201: require('import.core.utils')
415.722  001.178  000.675: require('import.core.get_project_imports')
415.860  000.134  000.134: require('import.core.insert_line')
415.866  001.839  000.120: require('import.commands.pick')
415.873  002.869  000.698: require('import')
416.843  000.569  000.569: require('vim.health')
416.860  000.964  000.395: require('vim.deprecated.health')
417.550  000.561  000.561: require('conform')
418.411  000.403  000.403: require('vim.lsp.inlay_hint')
418.816  000.154  000.154: require('nnonne.utils.lazy')
418.824  000.397  000.243: require('nnonne.plugins.trouble')
419.047  000.176  000.176: require('nnonne.plugins.mini.starter')
420.237  001.076  001.076: require('mini.starter')
420.883  000.290  000.290: require('nnonne.plugins.oil')
424.623  001.433  001.433: require('oil')
425.262  000.423  000.423: require('oil.ringbuf')
425.668  000.396  000.396: require('oil.config')
434.741  007.485  007.485: require('vim.filetype')
437.590  000.310  000.310: require('oil.log')
437.658  000.701  000.391: require('oil.fs')
438.367  000.261  000.261: require('oil.constants')
438.442  000.778  000.517: require('oil.util')
439.128  000.231  000.231: require('oil-git-status.system')
439.209  000.757  000.526: require('oil-git-status')
441.423  000.623  000.623: require('oil-git.constants')
441.511  001.783  001.160: require('oil-git.config')
442.831  000.710  000.710: require('oil-git.path')
443.867  000.814  000.814: require('oil-git.status_mapper')
443.898  001.054  000.240: require('oil-git.trie')
444.250  000.346  000.346: require('oil-git.util')
444.271  002.755  000.645: require('oil-git.git')
445.520  001.244  001.244: require('oil-git.highlights')
445.622  006.127  000.345: require('oil-git')
446.892  000.736  000.736: require('oil-lsp-diagnostics')
447.320  000.353  000.353: require('nnonne.plugins.lualine')
450.741  000.179  000.179: require('lualine_require')
451.676  002.719  002.540: require('lualine')
453.949  000.315  000.315: sourcing nvim_exec2() called at /home/nnonne/dots/.config/nonevim/init.lua:0
456.459  000.250  000.250: require('lualine.highlight')
458.879  000.030  000.030: sourcing nvim_exec2() called at /home/nnonne/dots/.config/nonevim/init.lua:0
458.934  000.012  000.012: sourcing nvim_exec2() called at /home/nnonne/dots/.config/nonevim/init.lua:0
458.972  000.015  000.015: sourcing nvim_exec2() called at /home/nnonne/dots/.config/nonevim/init.lua:0
458.999  000.009  000.009: sourcing nvim_exec2() called at /home/nnonne/dots/.config/nonevim/init.lua:0
459.024  000.007  000.007: sourcing nvim_exec2() called at /home/nnonne/dots/.config/nonevim/init.lua:0
459.049  000.007  000.007: sourcing nvim_exec2() called at /home/nnonne/dots/.config/nonevim/init.lua:0
459.072  000.008  000.008: sourcing nvim_exec2() called at /home/nnonne/dots/.config/nonevim/init.lua:0
459.094  000.006  000.006: sourcing nvim_exec2() called at /home/nnonne/dots/.config/nonevim/init.lua:0
459.119  000.007  000.007: sourcing nvim_exec2() called at /home/nnonne/dots/.config/nonevim/init.lua:0
459.143  000.006  000.006: sourcing nvim_exec2() called at /home/nnonne/dots/.config/nonevim/init.lua:0
459.166  000.006  000.006: sourcing nvim_exec2() called at /home/nnonne/dots/.config/nonevim/init.lua:0
459.189  000.006  000.006: sourcing nvim_exec2() called at /home/nnonne/dots/.config/nonevim/init.lua:0
459.210  000.006  000.006: sourcing nvim_exec2() called at /home/nnonne/dots/.config/nonevim/init.lua:0
459.232  000.006  000.006: sourcing nvim_exec2() called at /home/nnonne/dots/.config/nonevim/init.lua:0
459.254  000.007  000.007: sourcing nvim_exec2() called at /home/nnonne/dots/.config/nonevim/init.lua:0
459.274  000.006  000.006: sourcing nvim_exec2() called at /home/nnonne/dots/.config/nonevim/init.lua:0
459.295  000.005  000.005: sourcing nvim_exec2() called at /home/nnonne/dots/.config/nonevim/init.lua:0
459.387  000.009  000.009: sourcing nvim_exec2() called at /home/nnonne/dots/.config/nonevim/init.lua:0
459.412  000.007  000.007: sourcing nvim_exec2() called at /home/nnonne/dots/.config/nonevim/init.lua:0
459.954  000.013  000.013: sourcing nvim_exec2() called at /home/nnonne/dots/.config/nonevim/init.lua:0
459.992  000.010  000.010: sourcing nvim_exec2() called at /home/nnonne/dots/.config/nonevim/init.lua:0
460.017  000.008  000.008: sourcing nvim_exec2() called at /home/nnonne/dots/.config/nonevim/init.lua:0
460.063  000.037  000.037: sourcing nvim_exec2() called at /home/nnonne/dots/.config/nonevim/init.lua:0
463.119  000.114  000.114: sourcing nvim_exec2() called at /home/nnonne/dots/.config/nonevim/init.lua:0
463.160  000.018  000.018: sourcing nvim_exec2() called at /home/nnonne/dots/.config/nonevim/init.lua:0
463.799  000.020  000.020: sourcing nvim_exec2() called at /home/nnonne/dots/.config/nonevim/init.lua:0
463.835  000.008  000.008: sourcing nvim_exec2() called at /home/nnonne/dots/.config/nonevim/init.lua:0
463.860  000.006  000.006: sourcing nvim_exec2() called at /home/nnonne/dots/.config/nonevim/init.lua:0
463.884  000.006  000.006: sourcing nvim_exec2() called at /home/nnonne/dots/.config/nonevim/init.lua:0
463.907  000.006  000.006: sourcing nvim_exec2() called at /home/nnonne/dots/.config/nonevim/init.lua:0
463.929  000.006  000.006: sourcing nvim_exec2() called at /home/nnonne/dots/.config/nonevim/init.lua:0
463.952  000.006  000.006: sourcing nvim_exec2() called at /home/nnonne/dots/.config/nonevim/init.lua:0
463.987  000.007  000.007: sourcing nvim_exec2() called at /home/nnonne/dots/.config/nonevim/init.lua:0
464.010  000.009  000.009: sourcing nvim_exec2() called at /home/nnonne/dots/.config/nonevim/init.lua:0
464.133  000.106  000.106: sourcing nvim_exec2() called at /home/nnonne/dots/.config/nonevim/init.lua:0
464.255  000.009  000.009: sourcing nvim_exec2() called at /home/nnonne/dots/.config/nonevim/init.lua:0
464.335  000.008  000.008: sourcing nvim_exec2() called at /home/nnonne/dots/.config/nonevim/init.lua:0
464.396  000.007  000.007: sourcing nvim_exec2() called at /home/nnonne/dots/.config/nonevim/init.lua:0
464.553  000.009  000.009: sourcing nvim_exec2() called at /home/nnonne/dots/.config/nonevim/init.lua:0
464.692  000.009  000.009: sourcing nvim_exec2() called at /home/nnonne/dots/.config/nonevim/init.lua:0
464.717  000.007  000.007: sourcing nvim_exec2() called at /home/nnonne/dots/.config/nonevim/init.lua:0
464.819  000.008  000.008: sourcing nvim_exec2() called at /home/nnonne/dots/.config/nonevim/init.lua:0
464.843  000.006  000.006: sourcing nvim_exec2() called at /home/nnonne/dots/.config/nonevim/init.lua:0
464.865  000.006  000.006: sourcing nvim_exec2() called at /home/nnonne/dots/.config/nonevim/init.lua:0
464.886  000.006  000.006: sourcing nvim_exec2() called at /home/nnonne/dots/.config/nonevim/init.lua:0
464.907  000.007  000.007: sourcing nvim_exec2() called at /home/nnonne/dots/.config/nonevim/init.lua:0
465.366  000.030  000.030: sourcing nvim_exec2() called at /home/nnonne/dots/.config/nonevim/init.lua:0
465.393  000.008  000.008: sourcing nvim_exec2() called at /home/nnonne/dots/.config/nonevim/init.lua:0
465.410  000.008  000.008: sourcing nvim_exec2() called at /home/nnonne/dots/.config/nonevim/init.lua:0
465.433  000.014  000.014: sourcing nvim_exec2() called at /home/nnonne/dots/.config/nonevim/init.lua:0
466.630  000.017  000.017: sourcing nvim_exec2() called at /home/nnonne/dots/.config/nonevim/init.lua:0
466.661  000.008  000.008: sourcing nvim_exec2() called at /home/nnonne/dots/.config/nonevim/init.lua:0
466.685  000.008  000.008: sourcing nvim_exec2() called at /home/nnonne/dots/.config/nonevim/init.lua:0
466.707  000.007  000.007: sourcing nvim_exec2() called at /home/nnonne/dots/.config/nonevim/init.lua:0
466.728  000.007  000.007: sourcing nvim_exec2() called at /home/nnonne/dots/.config/nonevim/init.lua:0
466.749  000.006  000.006: sourcing nvim_exec2() called at /home/nnonne/dots/.config/nonevim/init.lua:0
466.768  000.006  000.006: sourcing nvim_exec2() called at /home/nnonne/dots/.config/nonevim/init.lua:0
466.800  000.008  000.008: sourcing nvim_exec2() called at /home/nnonne/dots/.config/nonevim/init.lua:0
466.822  000.006  000.006: sourcing nvim_exec2() called at /home/nnonne/dots/.config/nonevim/init.lua:0
466.842  000.006  000.006: sourcing nvim_exec2() called at /home/nnonne/dots/.config/nonevim/init.lua:0
466.864  000.006  000.006: sourcing nvim_exec2() called at /home/nnonne/dots/.config/nonevim/init.lua:0
466.884  000.006  000.006: sourcing nvim_exec2() called at /home/nnonne/dots/.config/nonevim/init.lua:0
466.905  000.006  000.006: sourcing nvim_exec2() called at /home/nnonne/dots/.config/nonevim/init.lua:0
466.926  000.006  000.006: sourcing nvim_exec2() called at /home/nnonne/dots/.config/nonevim/init.lua:0
466.954  000.007  000.007: sourcing nvim_exec2() called at /home/nnonne/dots/.config/nonevim/init.lua:0
466.974  000.006  000.006: sourcing nvim_exec2() called at /home/nnonne/dots/.config/nonevim/init.lua:0
466.998  000.011  000.011: sourcing nvim_exec2() called at /home/nnonne/dots/.config/nonevim/init.lua:0
467.090  000.008  000.008: sourcing nvim_exec2() called at /home/nnonne/dots/.config/nonevim/init.lua:0
467.112  000.007  000.007: sourcing nvim_exec2() called at /home/nnonne/dots/.config/nonevim/init.lua:0
467.131  000.006  000.006: sourcing nvim_exec2() called at /home/nnonne/dots/.config/nonevim/init.lua:0
467.150  000.006  000.006: sourcing nvim_exec2() called at /home/nnonne/dots/.config/nonevim/init.lua:0
467.179  000.006  000.006: sourcing nvim_exec2() called at /home/nnonne/dots/.config/nonevim/init.lua:0
467.204  000.006  000.006: sourcing nvim_exec2() called at /home/nnonne/dots/.config/nonevim/init.lua:0
467.224  000.006  000.006: sourcing nvim_exec2() called at /home/nnonne/dots/.config/nonevim/init.lua:0
467.244  000.007  000.007: sourcing nvim_exec2() called at /home/nnonne/dots/.config/nonevim/init.lua:0
467.263  000.006  000.006: sourcing nvim_exec2() called at /home/nnonne/dots/.config/nonevim/init.lua:0
467.283  000.006  000.006: sourcing nvim_exec2() called at /home/nnonne/dots/.config/nonevim/init.lua:0
467.301  000.006  000.006: sourcing nvim_exec2() called at /home/nnonne/dots/.config/nonevim/init.lua:0
469.032  000.197  000.197: require('lualine.utils.mode')
470.982  000.046  000.046: sourcing nvim_exec2() called at /home/nnonne/dots/.config/nonevim/init.lua:0
471.241  000.023  000.023: sourcing nvim_exec2() called at /home/nnonne/dots/.config/nonevim/init.lua:0
471.277  000.009  000.009: sourcing nvim_exec2() called at /home/nnonne/dots/.config/nonevim/init.lua:0
471.301  000.007  000.007: sourcing nvim_exec2() called at /home/nnonne/dots/.config/nonevim/init.lua:0
471.603  000.013  000.013: sourcing nvim_exec2() called at /home/nnonne/dots/.config/nonevim/init.lua:0
471.637  000.008  000.008: sourcing nvim_exec2() called at /home/nnonne/dots/.config/nonevim/init.lua:0
471.659  000.007  000.007: sourcing nvim_exec2() called at /home/nnonne/dots/.config/nonevim/init.lua:0
471.678  000.007  000.007: sourcing nvim_exec2() called at /home/nnonne/dots/.config/nonevim/init.lua:0
471.719  000.007  000.007: sourcing nvim_exec2() called at /home/nnonne/dots/.config/nonevim/init.lua:0
471.740  000.006  000.006: sourcing nvim_exec2() called at /home/nnonne/dots/.config/nonevim/init.lua:0
471.760  000.006  000.006: sourcing nvim_exec2() called at /home/nnonne/dots/.config/nonevim/init.lua:0
471.780  000.006  000.006: sourcing nvim_exec2() called at /home/nnonne/dots/.config/nonevim/init.lua:0
471.800  000.006  000.006: sourcing nvim_exec2() called at /home/nnonne/dots/.config/nonevim/init.lua:0
471.819  000.006  000.006: sourcing nvim_exec2() called at /home/nnonne/dots/.config/nonevim/init.lua:0
471.839  000.007  000.007: sourcing nvim_exec2() called at /home/nnonne/dots/.config/nonevim/init.lua:0
471.878  000.007  000.007: sourcing nvim_exec2() called at /home/nnonne/dots/.config/nonevim/init.lua:0
471.896  000.006  000.006: sourcing nvim_exec2() called at /home/nnonne/dots/.config/nonevim/init.lua:0
471.913  000.005  000.005: sourcing nvim_exec2() called at /home/nnonne/dots/.config/nonevim/init.lua:0
471.938  000.013  000.013: sourcing nvim_exec2() called at /home/nnonne/dots/.config/nonevim/init.lua:0
471.956  000.006  000.006: sourcing nvim_exec2() called at /home/nnonne/dots/.config/nonevim/init.lua:0
471.974  000.006  000.006: sourcing nvim_exec2() called at /home/nnonne/dots/.config/nonevim/init.lua:0
472.039  000.007  000.007: sourcing nvim_exec2() called at /home/nnonne/dots/.config/nonevim/init.lua:0
472.081  000.027  000.027: sourcing nvim_exec2() called at /home/nnonne/dots/.config/nonevim/init.lua:0
472.109  000.013  000.013: sourcing nvim_exec2() called at /home/nnonne/dots/.config/nonevim/init.lua:0
472.565  000.014  000.014: sourcing nvim_exec2() called at /home/nnonne/dots/.config/nonevim/init.lua:0
472.602  000.008  000.008: sourcing nvim_exec2() called at /home/nnonne/dots/.config/nonevim/init.lua:0
472.623  000.007  000.007: sourcing nvim_exec2() called at /home/nnonne/dots/.config/nonevim/init.lua:0
472.643  000.007  000.007: sourcing nvim_exec2() called at /home/nnonne/dots/.config/nonevim/init.lua:0
472.660  000.006  000.006: sourcing nvim_exec2() called at /home/nnonne/dots/.config/nonevim/init.lua:0
472.740  000.008  000.008: sourcing nvim_exec2() called at /home/nnonne/dots/.config/nonevim/init.lua:0
472.761  000.006  000.006: sourcing nvim_exec2() called at /home/nnonne/dots/.config/nonevim/init.lua:0
472.794  000.007  000.007: sourcing nvim_exec2() called at /home/nnonne/dots/.config/nonevim/init.lua:0
472.811  000.006  000.006: sourcing nvim_exec2() called at /home/nnonne/dots/.config/nonevim/init.lua:0
472.830  000.007  000.007: sourcing nvim_exec2() called at /home/nnonne/dots/.config/nonevim/init.lua:0
472.848  000.006  000.006: sourcing nvim_exec2() called at /home/nnonne/dots/.config/nonevim/init.lua:0
472.866  000.007  000.007: sourcing nvim_exec2() called at /home/nnonne/dots/.config/nonevim/init.lua:0
472.885  000.007  000.007: sourcing nvim_exec2() called at /home/nnonne/dots/.config/nonevim/init.lua:0
472.902  000.006  000.006: sourcing nvim_exec2() called at /home/nnonne/dots/.config/nonevim/init.lua:0
473.011  000.009  000.009: sourcing nvim_exec2() called at /home/nnonne/dots/.config/nonevim/init.lua:0
473.030  000.006  000.006: sourcing nvim_exec2() called at /home/nnonne/dots/.config/nonevim/init.lua:0
473.048  000.006  000.006: sourcing nvim_exec2() called at /home/nnonne/dots/.config/nonevim/init.lua:0
473.066  000.006  000.006: sourcing nvim_exec2() called at /home/nnonne/dots/.config/nonevim/init.lua:0
473.084  000.006  000.006: sourcing nvim_exec2() called at /home/nnonne/dots/.config/nonevim/init.lua:0
473.101  000.006  000.006: sourcing nvim_exec2() called at /home/nnonne/dots/.config/nonevim/init.lua:0
473.119  000.006  000.006: sourcing nvim_exec2() called at /home/nnonne/dots/.config/nonevim/init.lua:0
473.146  000.007  000.007: sourcing nvim_exec2() called at /home/nnonne/dots/.config/nonevim/init.lua:0
473.164  000.006  000.006: sourcing nvim_exec2() called at /home/nnonne/dots/.config/nonevim/init.lua:0
473.181  000.006  000.006: sourcing nvim_exec2() called at /home/nnonne/dots/.config/nonevim/init.lua:0
473.203  000.011  000.011: sourcing nvim_exec2() called at /home/nnonne/dots/.config/nonevim/init.lua:0
473.222  000.006  000.006: sourcing nvim_exec2() called at /home/nnonne/dots/.config/nonevim/init.lua:0
473.240  000.006  000.006: sourcing nvim_exec2() called at /home/nnonne/dots/.config/nonevim/init.lua:0
473.257  000.006  000.006: sourcing nvim_exec2() called at /home/nnonne/dots/.config/nonevim/init.lua:0
474.234  000.034  000.034: sourcing nvim_exec2() called at /home/nnonne/dots/.config/nonevim/init.lua:0
474.329  000.020  000.020: sourcing nvim_exec2() called at /home/nnonne/dots/.config/nonevim/init.lua:0
474.394  000.050  000.050: sourcing nvim_exec2() called at /home/nnonne/dots/.config/nonevim/init.lua:0
474.425  000.019  000.019: sourcing nvim_exec2() called at /home/nnonne/dots/.config/nonevim/init.lua:0
474.447  000.012  000.012: sourcing nvim_exec2() called at /home/nnonne/dots/.config/nonevim/init.lua:0
474.640  000.166  000.166: require('nnonne.plugins.bufferline')
475.876  000.093  000.093: require('bufferline.lazy')
476.182  000.286  000.286: require('bufferline.commands')
476.514  000.316  000.316: require('bufferline.config')
476.527  001.243  000.548: require('bufferline')
477.107  000.198  000.198: require('bufferline.utils')
477.118  000.567  000.369: require('bufferline.groups')
477.280  000.112  000.112: require('bufferline.constants')
477.382  000.092  000.092: require('bufferline.colors')
477.774  000.166  000.166: require('bufferline.highlights')
483.876  004.366  004.366: require('bufferline.hover')
484.309  000.278  000.278: require('bufferline.ui')
484.819  000.486  000.486: require('vim.diagnostic')
485.114  000.161  000.161: require('nnonne.plugins.fff')
486.474  000.193  000.193: require('fff.main')
486.488  000.659  000.467: require('fff')
486.685  000.088  000.088: require('nnonne.plugins.comments')
487.644  000.372  000.372: require('ts-comments')
487.769  000.116  000.116: require('ts-comments.config')
487.889  000.103  000.103: require('nnonne.plugins.auto-tag')
488.030  000.085  000.085: require('nnonne.plugins.search-replace')
488.147  000.070  000.070: require('nnonne.plugins.bullets')
489.045  000.330  000.330: require('nnonne.plugins.undotree')
494.151  000.195  000.195: sourcing /usr/share/nvim/runtime/pack/dist/opt/nvim.undotree/plugin/undotree.lua
494.323  005.248  005.052: sourcing nvim_exec2() called at /home/nnonne/dots/.config/nonevim/init.lua:0
494.731  000.348  000.348: require('nnonne.plugins.flutter-tools')
496.940  000.407  000.407: require('nnonne.plugins.render-markdown')
498.179  000.159  000.159: require('nnonne.plugins.image')
500.392  000.174  000.174: require('image/utils/logger')
500.513  000.108  000.108: require('image/processors')
500.618  000.099  000.099: require('image/utils/render_scheduler')
501.104  000.093  000.093: require('image/utils/magic')
501.119  000.255  000.162: require('image/utils/dimensions')
501.201  000.078  000.078: require('image/utils/hash')
501.290  000.083  000.083: require('image/utils/json')
501.370  000.075  000.075: require('image/utils/math')
501.459  000.084  000.084: require('image/utils/offsets')
501.550  000.086  000.086: require('image/utils/random')
501.796  000.072  000.072: require('ffi')
501.872  000.317  000.245: require('image/utils/term')
502.085  000.208  000.208: require('image/utils/tmux')
502.185  000.093  000.093: require('image/utils/virtual_padding')
502.297  000.106  000.106: require('image/utils/window')
502.306  001.544  000.159: require('image/utils')
502.312  001.689  000.144: require('image/report')
502.681  002.995  000.925: require('image')
503.301  000.402  000.402: require('image/utils/document')
503.326  000.555  000.153: require('image/integrations/rst')
503.461  000.111  000.111: require('image/integrations/syslang')
503.603  000.122  000.122: require('image/integrations/asciidoc')
503.723  000.100  000.100: require('image/integrations/markdown')
503.838  000.098  000.098: require('image/integrations/html')
503.953  000.099  000.099: require('image/integrations/neorg')
504.082  000.115  000.115: require('image/integrations/typst')
504.552  000.207  000.207: require('focal')
504.705  000.146  000.146: require('focal.config')
504.804  000.093  000.093: require('focal.resolver')
504.949  000.140  000.140: require('focal.renderer')
505.180  000.098  000.098: require('focal.lib.geometry')
505.190  000.236  000.138: require('focal.window')
505.465  000.076  000.076: require('focal.lib.guard')
505.502  000.307  000.232: require('focal.preview')
505.642  000.136  000.136: require('focal.lib.cache')
505.902  000.102  000.102: require('focal.sources.neo-tree')
506.001  000.089  000.089: require('focal.sources.nvim-tree')
506.093  000.086  000.086: require('focal.sources.oil')
506.249  000.149  000.149: require('focal.sources.snacks')
506.343  000.088  000.088: require('focal.sources.mini-files')
506.469  000.118  000.118: require('focal.renderers.image')
506.779  000.138  000.138: require('focal.lib.process')
506.789  000.278  000.140: require('focal.renderers.chafa')
507.999  000.877  000.877: require('nnonne.plugins.toggle-term')
509.774  000.127  000.127: require('toggleterm.lazy')
509.886  000.095  000.095: require('toggleterm.constants')
510.200  000.305  000.305: require('toggleterm.terminal')
510.229  001.537  001.010: require('toggleterm')
510.481  000.115  000.115: require('toggleterm.colors')
510.622  000.135  000.135: require('toggleterm.utils')
510.649  000.411  000.162: require('toggleterm.config')
513.945  000.207  000.207: require('toggleterm.commandline')
514.485  000.160  000.160: require('nnonne.plugins.opencode')
514.851  000.112  000.112: require('nnonne.plugins.git-blame')
514.970  000.099  000.099: require('nnonne.plugins.nvim-dap')
515.186  000.158  000.158: require('nnonne.plugins.kulala')
515.316  000.102  000.102: require('nnonne.plugins.cloak')
516.338  000.374  000.374: require('cloak')
516.555  000.109  000.109: require('nnonne.plugins.which-key')
517.387  000.244  000.244: require('which-key')
517.645  000.249  000.249: require('which-key.config')
517.813  000.099  000.099: require('nnonne.plugins.vim-kitty-nav')
518.561  000.172  000.172: require('nnonne.plugins.cord')
518.589  508.105  360.636: sourcing /home/nnonne/.config/nvim/init.lua
518.622  000.985: sourcing vimrc file(s)
522.695  000.059  000.059: sourcing /usr/share/vim/vimfiles/ftdetect/PKGBUILD.vim
522.769  000.032  000.032: sourcing /usr/share/vim/vimfiles/ftdetect/SRCINFO.vim
522.781  001.123  001.032: sourcing nvim_exec2() called at /usr/share/nvim/runtime/filetype.lua:0
522.932  001.642  000.519: sourcing /usr/share/nvim/runtime/filetype.lua
523.689  000.231  000.231: sourcing /usr/share/nvim/runtime/syntax/synload.vim
523.958  000.897  000.666: sourcing /usr/share/nvim/runtime/syntax/syntax.vim
595.465  070.560  070.560: sourcing /home/nnonne/.local/share/nvim/site/pack/core/opt/vim-kitty-navigator/plugin/kitty_navigator.vim
596.002  000.250  000.250: sourcing /home/nnonne/.local/share/nvim/site/pack/core/opt/which-key.nvim/plugin/which-key.lua
597.472  000.828  000.828: require('render-markdown.settings')
597.615  001.222  000.394: require('render-markdown')
597.821  000.194  000.194: require('render-markdown.lib.presets')
598.142  000.138  000.138: require('render-markdown.lib.compat')
598.386  000.095  000.095: require('render-markdown.lib.list')
598.409  000.260  000.165: require('render-markdown.lib.env')
598.862  000.098  000.098: require('render-markdown.lib.interval')
598.962  000.093  000.093: require('render-markdown.lib.str')
598.977  000.316  000.125: require('render-markdown.lib.line')
599.070  000.089  000.089: require('render-markdown.lib.resolved')
599.162  000.087  000.087: require('render-markdown.lib.iter')
599.170  000.636  000.144: require('render-markdown.lib.config')
599.177  000.762  000.126: require('render-markdown.state')
599.295  000.108  000.108: require('render-markdown.core.ts')
599.536  000.103  000.103: require('render-markdown.request.context')
599.691  000.149  000.149: require('render-markdown.core.log')
599.721  000.419  000.167: require('render-markdown.core.ui')
599.891  000.146  000.146: require('render-markdown.core.colors')
600.525  000.114  000.114: require('render-markdown.api')
600.537  000.247  000.133: require('render-markdown.core.command')
600.776  000.146  000.146: require('render-markdown.core.manager')
600.958  004.715  001.072: sourcing /home/nnonne/.local/share/nvim/site/pack/core/opt/render-markdown.nvim/plugin/render-markdown.lua
603.301  001.227  001.227: require('dressing.patch')
603.329  002.076  000.849: require('dressing')
603.356  002.205  000.129: sourcing /home/nnonne/.local/share/nvim/site/pack/core/opt/dressing.nvim/plugin/dressing.lua
603.623  000.102  000.102: sourcing /home/nnonne/.local/share/nvim/site/pack/core/opt/plenary.nvim/plugin/plenary.vim
606.982  003.194  003.194: sourcing /home/nnonne/.local/share/nvim/site/pack/core/opt/bullets.vim/plugin/bullets.vim
607.690  000.479  000.479: sourcing /home/nnonne/.local/share/nvim/site/pack/core/opt/fff/plugin/fff.lua
608.461  000.282  000.282: sourcing /home/nnonne/.local/share/nvim/site/pack/core/opt/opencode.nvim/plugin/events/permissions/edits.lua
608.859  000.344  000.344: sourcing /home/nnonne/.local/share/nvim/site/pack/core/opt/opencode.nvim/plugin/events/permissions/init.lua
609.108  000.197  000.197: sourcing /home/nnonne/.local/share/nvim/site/pack/core/opt/opencode.nvim/plugin/events/reload.lua
609.467  000.313  000.313: sourcing /home/nnonne/.local/share/nvim/site/pack/core/opt/opencode.nvim/plugin/events/status.lua
609.741  000.225  000.225: sourcing /home/nnonne/.local/share/nvim/site/pack/core/opt/opencode.nvim/plugin/highlights.lua
610.566  000.426  000.426: sourcing /home/nnonne/.local/share/nvim/site/pack/core/opt/oil-git.nvim/plugin/oil-git.lua
611.036  000.158  000.158: sourcing /home/nnonne/.local/share/nvim/site/pack/core/opt/workspace-diagnostics.nvim/plugin/workspace-diagnostics.lua
612.309  001.122  001.122: sourcing /home/nnonne/.local/share/nvim/site/pack/core/opt/telescope.nvim/plugin/telescope.lua
612.701  000.199  000.199: sourcing /home/nnonne/.local/share/nvim/site/pack/core/opt/import.nvim/plugin/import.lua
613.216  000.363  000.363: sourcing /home/nnonne/.local/share/nvim/site/pack/core/opt/nvim-lspconfig/plugin/lspconfig.lua
613.799  000.414  000.414: sourcing /home/nnonne/.local/share/nvim/site/pack/core/opt/conform.nvim/plugin/conform.lua
614.360  000.379  000.379: sourcing /home/nnonne/.local/share/nvim/site/pack/core/opt/miser.nvim/deps/nvim-lspconfig/plugin/lspconfig.lua
617.078  000.433  000.433: require('vim.treesitter.language')
617.189  000.094  000.094: require('vim.func')
617.375  000.163  000.163: require('vim.func._memoize')
617.547  001.611  000.922: require('vim.treesitter.query')
617.625  002.129  000.517: require('vim.treesitter.languagetree')
617.661  002.397  000.268: require('vim.treesitter')
618.022  003.397  001.000: sourcing /home/nnonne/.local/share/nvim/site/pack/core/opt/nvim-treesitter/plugin/filetypes.lua
618.362  000.276  000.276: sourcing /home/nnonne/.local/share/nvim/site/pack/core/opt/nvim-treesitter/plugin/nvim-treesitter.lua
618.596  000.185  000.185: sourcing /home/nnonne/.local/share/nvim/site/pack/core/opt/nvim-treesitter/plugin/query_predicates.lua
619.097  000.307  000.307: sourcing /home/nnonne/.local/share/nvim/site/pack/core/opt/blink.cmp/plugin/blink-cmp.lua
619.455  000.122  000.122: sourcing /home/nnonne/.local/share/nvim/site/pack/core/opt/lush.nvim/plugin/lush.vim
620.113  000.041  000.041: sourcing /usr/share/nvim/runtime/plugin/gzip.vim
621.997  000.458  000.458: sourcing /usr/share/nvim/runtime/pack/dist/opt/matchit/plugin/matchit.vim
622.135  001.990  001.532: sourcing /usr/share/nvim/runtime/plugin/matchit.vim
622.546  000.378  000.378: sourcing /usr/share/nvim/runtime/plugin/matchparen.vim
622.621  000.023  000.023: sourcing /usr/share/nvim/runtime/plugin/netrwPlugin.vim
623.029  000.375  000.375: sourcing /usr/share/nvim/runtime/plugin/rplugin.vim
623.090  000.028  000.028: sourcing /usr/share/nvim/runtime/plugin/tarPlugin.vim
623.143  000.020  000.020: sourcing /usr/share/nvim/runtime/plugin/tutor.vim
623.202  000.027  000.027: sourcing /usr/share/nvim/runtime/plugin/zipPlugin.vim
623.476  000.243  000.243: sourcing /usr/share/nvim/runtime/plugin/editorconfig.lua
623.802  000.289  000.289: sourcing /usr/share/nvim/runtime/plugin/man.lua
624.156  000.317  000.317: sourcing /usr/share/nvim/runtime/plugin/net.lua
624.386  000.199  000.199: sourcing /usr/share/nvim/runtime/plugin/osc52.lua
624.817  000.393  000.393: sourcing /usr/share/nvim/runtime/plugin/shada.lua
625.042  000.167  000.167: sourcing /usr/share/nvim/runtime/plugin/spellfile.lua
625.363  000.145  000.145: sourcing /usr/share/nvim/runtime/pack/dist/opt/nvim.undotree/plugin/undotree.lua
627.258  001.701  001.701: sourcing /usr/share/vim/vimfiles/plugin/fzf.vim
627.279  009.568: loading rtp plugins
627.610  000.331: loading packages
627.632  000.022: loading after plugins
627.687  000.055: inits 3
635.844  008.157: reading ShaDa
636.100  000.256: opening buffers
637.185  000.253  000.253: require('bufferline.state')
637.205  000.852: BufEnter autocommands
637.212  000.006: editing files in windows
637.231  000.019: --- NVIM STARTED ---

